adriels-MacBook-Pro:isQED koba$ git checkout -b adriel_062119
Switched to a new branch 'adriel_062119'
adriels-MacBook-Pro:isQED koba$ git add .
adriels-MacBook-Pro:isQED koba$ git commit -m "test commit"
On branch adriel_062119
nothing to commit, working tree clean
adriels-MacBook-Pro:isQED koba$ git push
fatal: The current branch adriel_062119 has no upstream branch.
To push the current branch and set the remote as upstream, use

    git push --set-upstream origin adriel_062119

adriels-MacBook-Pro:isQED koba$ git push --set-upstream origin adriel_062119
Total 0 (delta 0), reused 0 (delta 0)
remote: 
remote: Create a pull request for 'adriel_062119' on GitHub by visiting:
remote:      https://github.com/ISQED/isQED/pull/new/adriel_062119
remote: 
To https://github.com/ISQED/isQED.git
 * [new branch]      adriel_062119 -> adriel_062119
Branch 'adriel_062119' set up to track remote branch 'adriel_062119' from 'origin'.
adriels-MacBook-Pro:isQED koba$ 
